Building DAG of jobs...
Using shell: /usr/bin/bash
Provided cores: 8
Rules claiming more threads will be scaled down.
Job stats:
job                            count
---------------------------  -------
AUCell_direct                      1
AUCell_extended                    1
all                                1
download_genome_annotations        1
eGRN_direct                        1
eGRN_extended                      1
get_search_space                   1
motif_enrichment_dem               1
prepare_menr                       1
region_to_gene                     1
scplus_mudata                      1
tf_to_gene                         1
total                             12

Select jobs to execute...
Execute 1 jobs...

[Tue May 12 22:19:35 2026]
localrule download_genome_annotations:
    output: /data/parklabngs/Lim.0.Analysis/20240521-multiome-kidney/Seurat/merged_macs/ENP/ScenicPlus/results/scplus_out/genome_annotation.tsv, /data/parklabngs/Lim.0.Analysis/20240521-multiome-kidney/Seurat/merged_macs/ENP/ScenicPlus/results/scplus_out/chromsizes.tsv
    jobid: 8
    reason: Missing output files: /data/parklabngs/Lim.0.Analysis/20240521-multiome-kidney/Seurat/merged_macs/ENP/ScenicPlus/results/scplus_out/genome_annotation.tsv, /data/parklabngs/Lim.0.Analysis/20240521-multiome-kidney/Seurat/merged_macs/ENP/ScenicPlus/results/scplus_out/chromsizes.tsv
    resources: tmpdir=/scratch/limc8h

Waiting at most 5 seconds for missing files.
MissingOutputException in rule download_genome_annotations in file /data/parklabngs/Lim.0.Analysis/20240521-multiome-kidney/Seurat/merged_macs/ENP/ScenicPlus/results/scplus_pipeline/Snakemake/workflow/Snakefile, line 221:
Job 8  completed successfully, but some output files are missing. Missing files after 5 seconds. This might be due to filesystem latency. If that is the case, consider to increase the wait time with --latency-wait:
/data/parklabngs/Lim.0.Analysis/20240521-multiome-kidney/Seurat/merged_macs/ENP/ScenicPlus/results/scplus_out/chromsizes.tsv
Removing output files of failed job download_genome_annotations since they might be corrupted:
/data/parklabngs/Lim.0.Analysis/20240521-multiome-kidney/Seurat/merged_macs/ENP/ScenicPlus/results/scplus_out/genome_annotation.tsv
Shutting down, this might take some time.
Exiting because a job execution failed. Look above for error message
Complete log: .snakemake/log/2026-05-12T221935.788913.snakemake.log
WorkflowError:
At least one job did not complete successfully.
